
Welcome to antechamber 19.0: molecular input file processor.

acdoctor mode is on: check and diagnose problems in the input file.
-- Check Format for pdb File --
   Status: pass
-- Check Unusual Elements --
   Status: pass
-- Check Open Valences --
   Status: pass
-- Check Geometry --
      for those bonded   
      for those not bonded   
   Status: pass
-- Check Weird Bonds --
   Status: pass
-- Check Number of Units --
   Status: pass
acdoctor mode has completed checking the input file.

Info: Total number of electrons: 141; net charge: 0
Info: The number of electrons is odd (141).
      Please check the total charge (-nc flag) and spin multiplicity (-m flag).

Running: /usr/bin/amber18/bin/sqm -O -i sqm.in -o sqm.out
/usr/bin/amber18/bin/antechamber: Fatal Error!
Cannot properly run "/usr/bin/amber18/bin/sqm -O -i sqm.in -o sqm.out".
